// Jest Snapshot v1, https://goo.gl/fbAQLP

exports[`My first snapshot test testing app button 1`] = `
<div
  className="App"
>
  <link
    crossOrigin="anonymous"
    href="https://use.fontawesome.com/releases/v5.2.0/css/all.css"
    integrity="sha384-hWVjflwFxL6sNzntih27bfxkr27PmbbK/iSvJ+a4+0owXq79v+lsFkW54bOGbiDQ"
    rel="stylesheet"
  />
  <nav
    className="navbar navbar-expand-lg navbar-dark bg-dark "
  >
    <button
      aria-controls="navbar1"
      aria-expanded="false"
      aria-label="Toggle navigation"
      className="navbar-toggler"
      data-target="#navbar1"
      data-toggle="collapse"
      type="button"
    >
      <span
        className="navbar-toggler-icon"
      />
    </button>
    <div
      className="collapse navbar-collapse justify-content-md-center"
      id="navbar1"
    >
      <ul
        className="navbar-nav"
      >
            
        <li
          className="nav-item"
        >
          <a
            className="nav-link"
            href="/"
            onClick={[Function]}
          >
            <img
              alt="logo"
              className="logoMain"
              src="logo.png"
            />
            Main-Home
          </a>
        </li>
            
      </ul>
      <ul
        className="navbar-nav"
      >
        <li
          className="nav-item"
        >
          <a
            className="nav-link"
            href="/login"
            onClick={[Function]}
          >
            <img
              alt="logo"
              className="logoMain"
              src="k.png"
            />
            User-Login
          </a>
        </li>
            
        <li
          className="nav-item"
        >
          <a
            className="nav-link"
            href="/studentregister"
            onClick={[Function]}
          >
            <img
              alt="logo"
              className="logoMain"
              src="aq.png"
            />
            Student-Registration
          </a>
        </li>
      </ul>
      
      
    </div>
  </nav>
  <img
    alt="logo"
    className="App-logo1"
    src="ee.jpg"
    style={
      Object {
        "height": "300px",
        "width": "1300px",
      }
    }
  />
  <br />
  <h3
    style={
      Object {
        "color": "white",
      }
    }
  >
    Welcome to TechGang CourseWeb
    <br />
  </h3>
  <body
    className="app-body"
  >
    <div>
      <div>
        <div
          className="container"
        >
          <div
            className="transition"
          />
        </div>
        <h5
          className="App"
          style={
            Object {
              "backgroundColor": "#0B1C77",
              "color": "yellow",
              "height": "50px",
              "width": "1345px",
            }
          }
        >
          2019 Enrollement is open now-Software Engineering-Electronic Engineering-Business Management
          <br />
        </h5>
        <br />
        <hr />
      </div>
      <div
        className="nextEach"
      >
        <div
          className="nextEach"
        >
          <div
            className="MuiPaper-root-8 MuiPaper-elevation1-11 MuiPaper-rounded-9 MuiCard-root-7 CardContainer-card-1"
            style={
              Object {
                "backgroundColor": "#58D6F2",
              }
            }
          >
            <div
              className="MuiCardHeader-root-35"
            >
              <div
                className="MuiCardHeader-avatar-36"
              >
                <div
                  aria-label="Recipe"
                  className="MuiAvatar-root-41 MuiAvatar-colorDefault-42 CardContainer-avatar-6"
                >
                  CP
                </div>
              </div>
              <div
                className="MuiCardHeader-content-38"
              >
                <span
                  className="MuiTypography-root-44 MuiTypography-body2-52 MuiCardHeader-title-39"
                >
                  Courses & Programs
                </span>
                <span
                  className="MuiTypography-root-44 MuiTypography-body2-52 MuiTypography-colorTextSecondary-77 MuiCardHeader-subheader-40"
                >
                  Endurance is not just the ability to bear a hard thing, but to turn it into glory ~ William Barclay~
                </span>
              </div>
              <div
                className="MuiCardHeader-action-37"
              >
                <button
                  className="MuiButtonBase-root-86 MuiIconButton-root-80"
                  disabled={false}
                  onBlur={[Function]}
                  onContextMenu={[Function]}
                  onFocus={[Function]}
                  onKeyDown={[Function]}
                  onKeyUp={[Function]}
                  onMouseDown={[Function]}
                  onMouseLeave={[Function]}
                  onMouseUp={[Function]}
                  onTouchEnd={[Function]}
                  onTouchMove={[Function]}
                  onTouchStart={[Function]}
                  tabIndex="0"
                  type="button"
                >
                  <span
                    className="MuiIconButton-label-85"
                  >
                    <svg
                      aria-hidden="true"
                      className="MuiSvgIcon-root-89"
                      focusable="false"
                      role="presentation"
                      viewBox="0 0 24 24"
                    >
                      <path
                        d="M0 0h24v24H0z"
                        fill="none"
                      />
                      <path
                        d="M12 8c1.1 0 2-.9 2-2s-.9-2-2-2-2 .9-2 2 .9 2 2 2zm0 2c-1.1 0-2 .9-2 2s.9 2 2 2 2-.9 2-2-.9-2-2-2zm0 6c-1.1 0-2 .9-2 2s.9 2 2 2 2-.9 2-2-.9-2-2-2z"
                      />
                    </svg>
                  </span>
                  <span
                    className="MuiTouchRipple-root-108"
                  />
                </button>
              </div>
            </div>
            <div
              className="MuiCardMedia-root-98 CardContainer-media-2"
              style={
                Object {
                  "backgroundImage": "url(\\"allc.jpg\\")",
                  "margin": "12px",
                }
              }
              title="Paella dish"
            />
            <div
              className="MuiCardContent-root-100"
            >
              <p
                className="MuiTypography-root-44 MuiTypography-body1-53"
              >
                <b>
                  Faculty of Computing 
                </b>
                <br />
                <br />
                Orientation
                <br />
                Information Technology
                <br />
                IT/SE/ISE/CSNE/CS/IM/DS
                <br />
                Computer System Networks(Curtin)
                <br />
                <br />
                <b>
                  Faculty of Engineering 
                </b>
                <br />
                <br />
                Orientation
                <br />
                Engineering
                <br />
                Architecture
                <br />
                Quantity Surveying
                <br />
                <br />
                <b>
                  Faculty of Humanities & Sciences
                </b>
                <br />
                <br />
                Biological Sciences
                <br />
                English
                <br />
                Law
                <br />
                Nursing
                <br />
                Physical Sciences
                <br />
                <br />
                <b>
                  Faculty of Graduate Studies
                </b>
                <br />
                <br />
                Enterprise Application Development
                <br />
                Cyber Security
                <br />
                Master of Business Administration
                <br />
                <br />
              </p>
            </div>
            <div
              className="MuiCardActions-root-101 MuiCardActions-disableActionSpacing-102 CardContainer-actions-3"
            >
              <button
                aria-label="Add to favorites"
                className="MuiButtonBase-root-86 MuiIconButton-root-80"
                disabled={false}
                onBlur={[Function]}
                onContextMenu={[Function]}
                onFocus={[Function]}
                onKeyDown={[Function]}
                onKeyUp={[Function]}
                onMouseDown={[Function]}
                onMouseLeave={[Function]}
                onMouseUp={[Function]}
                onTouchEnd={[Function]}
                onTouchMove={[Function]}
                onTouchStart={[Function]}
                tabIndex="0"
                type="button"
              >
                <span
                  className="MuiIconButton-label-85"
                >
                  <svg
                    aria-hidden="true"
                    className="MuiSvgIcon-root-89"
                    focusable="false"
                    role="presentation"
                    viewBox="0 0 24 24"
                  >
                    <path
                      d="M0 0h24v24H0z"
                      fill="none"
                    />
                    <path
                      d="M12 21.35l-1.45-1.32C5.4 15.36 2 12.28 2 8.5 2 5.42 4.42 3 7.5 3c1.74 0 3.41.81 4.5 2.09C13.09 3.81 14.76 3 16.5 3 19.58 3 22 5.42 22 8.5c0 3.78-3.4 6.86-8.55 11.54L12 21.35z"
                    />
                  </svg>
                </span>
                <span
                  className="MuiTouchRipple-root-108"
                />
              </button>
              <button
                aria-label="Share"
                className="MuiButtonBase-root-86 MuiIconButton-root-80"
                disabled={false}
                onBlur={[Function]}
                onContextMenu={[Function]}
                onFocus={[Function]}
                onKeyDown={[Function]}
                onKeyUp={[Function]}
                onMouseDown={[Function]}
                onMouseLeave={[Function]}
                onMouseUp={[Function]}
                onTouchEnd={[Function]}
                onTouchMove={[Function]}
                onTouchStart={[Function]}
                tabIndex="0"
                type="button"
              >
                <span
                  className="MuiIconButton-label-85"
                >
                  <svg
                    aria-hidden="true"
                    className="MuiSvgIcon-root-89"
                    focusable="false"
                    role="presentation"
                    viewBox="0 0 24 24"
                  >
                    <path
                      d="M0 0h24v24H0z"
                      fill="none"
                    />
                    <path
                      d="M18 16.08c-.76 0-1.44.3-1.96.77L8.91 12.7c.05-.23.09-.46.09-.7s-.04-.47-.09-.7l7.05-4.11c.54.5 1.25.81 2.04.81 1.66 0 3-1.34 3-3s-1.34-3-3-3-3 1.34-3 3c0 .24.04.47.09.7L8.04 9.81C7.5 9.31 6.79 9 6 9c-1.66 0-3 1.34-3 3s1.34 3 3 3c.79 0 1.5-.31 2.04-.81l7.12 4.16c-.05.21-.08.43-.08.65 0 1.61 1.31 2.92 2.92 2.92 1.61 0 2.92-1.31 2.92-2.92s-1.31-2.92-2.92-2.92z"
                    />
                  </svg>
                </span>
                <span
                  className="MuiTouchRipple-root-108"
                />
              </button>
              <button
                aria-expanded={false}
                aria-label="Show more"
                className="MuiButtonBase-root-86 MuiIconButton-root-80 CardContainer-expand-4"
                disabled={false}
                onBlur={[Function]}
                onClick={[Function]}
                onContextMenu={[Function]}
                onFocus={[Function]}
                onKeyDown={[Function]}
                onKeyUp={[Function]}
                onMouseDown={[Function]}
                onMouseLeave={[Function]}
                onMouseUp={[Function]}
                onTouchEnd={[Function]}
                onTouchMove={[Function]}
                onTouchStart={[Function]}
                tabIndex="0"
                type="button"
              >
                <span
                  className="MuiIconButton-label-85"
                >
                  <svg
                    aria-hidden="true"
                    className="MuiSvgIcon-root-89"
                    focusable="false"
                    role="presentation"
                    viewBox="0 0 24 24"
                  >
                    <path
                      d="M16.59 8.59L12 13.17 7.41 8.59 6 10l6 6 6-6z"
                    />
                    <path
                      d="M0 0h24v24H0z"
                      fill="none"
                    />
                  </svg>
                </span>
                <span
                  className="MuiTouchRipple-root-108"
                />
              </button>
            </div>
          </div>
          <div
            className="MuiPaper-root-8 MuiPaper-elevation1-11 MuiPaper-rounded-9 MuiCard-root-7 CardContainer-card-1"
            style={
              Object {
                "backgroundColor": "#9BE1F1",
              }
            }
          >
            <div
              className="MuiCardHeader-root-35"
            >
              <div
                className="MuiCardHeader-avatar-36"
              >
                <div
                  aria-label="Recipe"
                  className="MuiAvatar-root-41 MuiAvatar-colorDefault-42 CardContainer-avatar-6"
                >
                  VM
                </div>
              </div>
              <div
                className="MuiCardHeader-content-38"
              >
                <span
                  className="MuiTypography-root-44 MuiTypography-body2-52 MuiCardHeader-title-39"
                >
                  Our Vision & Mission
                </span>
                <span
                  className="MuiTypography-root-44 MuiTypography-body2-52 MuiTypography-colorTextSecondary-77 MuiCardHeader-subheader-40"
                >
                  For a tree to become tall it must grow tough roots among the rocks. ~Friedrich Nietzsche~
                </span>
              </div>
              <div
                className="MuiCardHeader-action-37"
              >
                <button
                  className="MuiButtonBase-root-86 MuiIconButton-root-80"
                  disabled={false}
                  onBlur={[Function]}
                  onContextMenu={[Function]}
                  onFocus={[Function]}
                  onKeyDown={[Function]}
                  onKeyUp={[Function]}
                  onMouseDown={[Function]}
                  onMouseLeave={[Function]}
                  onMouseUp={[Function]}
                  onTouchEnd={[Function]}
                  onTouchMove={[Function]}
                  onTouchStart={[Function]}
                  tabIndex="0"
                  type="button"
                >
                  <span
                    className="MuiIconButton-label-85"
                  >
                    <svg
                      aria-hidden="true"
                      className="MuiSvgIcon-root-89"
                      focusable="false"
                      role="presentation"
                      viewBox="0 0 24 24"
                    >
                      <path
                        d="M0 0h24v24H0z"
                        fill="none"
                      />
                      <path
                        d="M12 8c1.1 0 2-.9 2-2s-.9-2-2-2-2 .9-2 2 .9 2 2 2zm0 2c-1.1 0-2 .9-2 2s.9 2 2 2 2-.9 2-2-.9-2-2-2zm0 6c-1.1 0-2 .9-2 2s.9 2 2 2 2-.9 2-2-.9-2-2-2z"
                      />
                    </svg>
                  </span>
                  <span
                    className="MuiTouchRipple-root-108"
                  />
                </button>
              </div>
            </div>
            <div
              className="MuiCardMedia-root-98 CardContainer-media-2"
              style={
                Object {
                  "backgroundImage": "url(\\"Goals.jpg\\")",
                  "margin": "12px",
                }
              }
              title="ATM"
            />
            <div
              className="MuiCardContent-root-100"
            >
              <p
                className="MuiTypography-root-44 MuiTypography-body1-53"
              >
                <b>
                  ~Vision~
                </b>
                <br />
                <br />
                To be a Center of Excellence to adavance and disseminate knowledge, foster and promote innovation and produce world-class intellectual to best serve the nation and beyond.
                <br />
                <br />
                <b>
                  ~Mission~
                </b>
                <br />
                <br />
                To create a learning and research environment with best possible resources for our students and staff to be innovative and dedicated to excellence and to produce graduated with strong analytical, problem-solving and communication skills.
              </p>
            </div>
            <div
              className="MuiCardActions-root-101 MuiCardActions-disableActionSpacing-102 CardContainer-actions-3"
            >
              <button
                aria-label="Add to favorites"
                className="MuiButtonBase-root-86 MuiIconButton-root-80"
                disabled={false}
                onBlur={[Function]}
                onContextMenu={[Function]}
                onFocus={[Function]}
                onKeyDown={[Function]}
                onKeyUp={[Function]}
                onMouseDown={[Function]}
                onMouseLeave={[Function]}
                onMouseUp={[Function]}
                onTouchEnd={[Function]}
                onTouchMove={[Function]}
                onTouchStart={[Function]}
                tabIndex="0"
                type="button"
              >
                <span
                  className="MuiIconButton-label-85"
                >
                  <svg
                    aria-hidden="true"
                    className="MuiSvgIcon-root-89"
                    focusable="false"
                    role="presentation"
                    viewBox="0 0 24 24"
                  >
                    <path
                      d="M0 0h24v24H0z"
                      fill="none"
                    />
                    <path
                      d="M12 21.35l-1.45-1.32C5.4 15.36 2 12.28 2 8.5 2 5.42 4.42 3 7.5 3c1.74 0 3.41.81 4.5 2.09C13.09 3.81 14.76 3 16.5 3 19.58 3 22 5.42 22 8.5c0 3.78-3.4 6.86-8.55 11.54L12 21.35z"
                    />
                  </svg>
                </span>
                <span
                  className="MuiTouchRipple-root-108"
                />
              </button>
              <button
                aria-label="Share"
                className="MuiButtonBase-root-86 MuiIconButton-root-80"
                disabled={false}
                onBlur={[Function]}
                onContextMenu={[Function]}
                onFocus={[Function]}
                onKeyDown={[Function]}
                onKeyUp={[Function]}
                onMouseDown={[Function]}
                onMouseLeave={[Function]}
                onMouseUp={[Function]}
                onTouchEnd={[Function]}
                onTouchMove={[Function]}
                onTouchStart={[Function]}
                tabIndex="0"
                type="button"
              >
                <span
                  className="MuiIconButton-label-85"
                >
                  <svg
                    aria-hidden="true"
                    className="MuiSvgIcon-root-89"
                    focusable="false"
                    role="presentation"
                    viewBox="0 0 24 24"
                  >
                    <path
                      d="M0 0h24v24H0z"
                      fill="none"
                    />
                    <path
                      d="M18 16.08c-.76 0-1.44.3-1.96.77L8.91 12.7c.05-.23.09-.46.09-.7s-.04-.47-.09-.7l7.05-4.11c.54.5 1.25.81 2.04.81 1.66 0 3-1.34 3-3s-1.34-3-3-3-3 1.34-3 3c0 .24.04.47.09.7L8.04 9.81C7.5 9.31 6.79 9 6 9c-1.66 0-3 1.34-3 3s1.34 3 3 3c.79 0 1.5-.31 2.04-.81l7.12 4.16c-.05.21-.08.43-.08.65 0 1.61 1.31 2.92 2.92 2.92 1.61 0 2.92-1.31 2.92-2.92s-1.31-2.92-2.92-2.92z"
                    />
                  </svg>
                </span>
                <span
                  className="MuiTouchRipple-root-108"
                />
              </button>
              <button
                aria-expanded={false}
                aria-label="Show more"
                className="MuiButtonBase-root-86 MuiIconButton-root-80 CardContainer-expand-4"
                disabled={false}
                onBlur={[Function]}
                onClick={[Function]}
                onContextMenu={[Function]}
                onFocus={[Function]}
                onKeyDown={[Function]}
                onKeyUp={[Function]}
                onMouseDown={[Function]}
                onMouseLeave={[Function]}
                onMouseUp={[Function]}
                onTouchEnd={[Function]}
                onTouchMove={[Function]}
                onTouchStart={[Function]}
                tabIndex="0"
                type="button"
              >
                <span
                  className="MuiIconButton-label-85"
                >
                  <svg
                    aria-hidden="true"
                    className="MuiSvgIcon-root-89"
                    focusable="false"
                    role="presentation"
                    viewBox="0 0 24 24"
                  >
                    <path
                      d="M16.59 8.59L12 13.17 7.41 8.59 6 10l6 6 6-6z"
                    />
                    <path
                      d="M0 0h24v24H0z"
                      fill="none"
                    />
                  </svg>
                </span>
                <span
                  className="MuiTouchRipple-root-108"
                />
              </button>
            </div>
          </div>
          <div
            className="MuiPaper-root-8 MuiPaper-elevation1-11 MuiPaper-rounded-9 MuiCard-root-7 CardContainer-card-1"
            style={
              Object {
                "backgroundColor": "#B2DBE5",
              }
            }
          >
            <div
              className="MuiCardHeader-root-35"
            >
              <div
                className="MuiCardHeader-avatar-36"
              >
                <div
                  aria-label="Recipe"
                  className="MuiAvatar-root-41 MuiAvatar-colorDefault-42 CardContainer-avatar-6"
                >
                  RR
                </div>
              </div>
              <div
                className="MuiCardHeader-content-38"
              >
                <span
                  className="MuiTypography-root-44 MuiTypography-body2-52 MuiCardHeader-title-39"
                >
                  Rules & Regulations
                </span>
                <span
                  className="MuiTypography-root-44 MuiTypography-body2-52 MuiTypography-colorTextSecondary-77 MuiCardHeader-subheader-40"
                >
                  If you can find a path with no obstacles, it probably doesn’t lead anywhere.  ~Clark ~
                </span>
              </div>
              <div
                className="MuiCardHeader-action-37"
              >
                <button
                  className="MuiButtonBase-root-86 MuiIconButton-root-80"
                  disabled={false}
                  onBlur={[Function]}
                  onContextMenu={[Function]}
                  onFocus={[Function]}
                  onKeyDown={[Function]}
                  onKeyUp={[Function]}
                  onMouseDown={[Function]}
                  onMouseLeave={[Function]}
                  onMouseUp={[Function]}
                  onTouchEnd={[Function]}
                  onTouchMove={[Function]}
                  onTouchStart={[Function]}
                  tabIndex="0"
                  type="button"
                >
                  <span
                    className="MuiIconButton-label-85"
                  >
                    <svg
                      aria-hidden="true"
                      className="MuiSvgIcon-root-89"
                      focusable="false"
                      role="presentation"
                      viewBox="0 0 24 24"
                    >
                      <path
                        d="M0 0h24v24H0z"
                        fill="none"
                      />
                      <path
                        d="M12 8c1.1 0 2-.9 2-2s-.9-2-2-2-2 .9-2 2 .9 2 2 2zm0 2c-1.1 0-2 .9-2 2s.9 2 2 2 2-.9 2-2-.9-2-2-2zm0 6c-1.1 0-2 .9-2 2s.9 2 2 2 2-.9 2-2-.9-2-2-2z"
                      />
                    </svg>
                  </span>
                  <span
                    className="MuiTouchRipple-root-108"
                  />
                </button>
              </div>
            </div>
            <div
              className="MuiCardMedia-root-98 CardContainer-media-2"
              style={
                Object {
                  "backgroundImage": "url(\\"ac1.jpg\\")",
                  "margin": "12px",
                }
              }
              title="Paella dish"
            />
            <div
              className="MuiCardContent-root-100"
            >
              <p
                className="MuiTypography-root-44 MuiTypography-body1-53"
              >
                TechGang students are expected to be familiar with the rules which are applicable to them. Being unaware of any applicable rule will not be considered as an excuse that would exonerate any student from the binding consequences
              </p>
            </div>
            <div
              className="MuiCardActions-root-101 MuiCardActions-disableActionSpacing-102 CardContainer-actions-3"
            >
              <button
                aria-label="Add to favorites"
                className="MuiButtonBase-root-86 MuiIconButton-root-80"
                disabled={false}
                onBlur={[Function]}
                onContextMenu={[Function]}
                onFocus={[Function]}
                onKeyDown={[Function]}
                onKeyUp={[Function]}
                onMouseDown={[Function]}
                onMouseLeave={[Function]}
                onMouseUp={[Function]}
                onTouchEnd={[Function]}
                onTouchMove={[Function]}
                onTouchStart={[Function]}
                tabIndex="0"
                type="button"
              >
                <span
                  className="MuiIconButton-label-85"
                >
                  <svg
                    aria-hidden="true"
                    className="MuiSvgIcon-root-89"
                    focusable="false"
                    role="presentation"
                    viewBox="0 0 24 24"
                  >
                    <path
                      d="M0 0h24v24H0z"
                      fill="none"
                    />
                    <path
                      d="M12 21.35l-1.45-1.32C5.4 15.36 2 12.28 2 8.5 2 5.42 4.42 3 7.5 3c1.74 0 3.41.81 4.5 2.09C13.09 3.81 14.76 3 16.5 3 19.58 3 22 5.42 22 8.5c0 3.78-3.4 6.86-8.55 11.54L12 21.35z"
                    />
                  </svg>
                </span>
                <span
                  className="MuiTouchRipple-root-108"
                />
              </button>
              <button
                aria-label="Share"
                className="MuiButtonBase-root-86 MuiIconButton-root-80"
                disabled={false}
                onBlur={[Function]}
                onContextMenu={[Function]}
                onFocus={[Function]}
                onKeyDown={[Function]}
                onKeyUp={[Function]}
                onMouseDown={[Function]}
                onMouseLeave={[Function]}
                onMouseUp={[Function]}
                onTouchEnd={[Function]}
                onTouchMove={[Function]}
                onTouchStart={[Function]}
                tabIndex="0"
                type="button"
              >
                <span
                  className="MuiIconButton-label-85"
                >
                  <svg
                    aria-hidden="true"
                    className="MuiSvgIcon-root-89"
                    focusable="false"
                    role="presentation"
                    viewBox="0 0 24 24"
                  >
                    <path
                      d="M0 0h24v24H0z"
                      fill="none"
                    />
                    <path
                      d="M18 16.08c-.76 0-1.44.3-1.96.77L8.91 12.7c.05-.23.09-.46.09-.7s-.04-.47-.09-.7l7.05-4.11c.54.5 1.25.81 2.04.81 1.66 0 3-1.34 3-3s-1.34-3-3-3-3 1.34-3 3c0 .24.04.47.09.7L8.04 9.81C7.5 9.31 6.79 9 6 9c-1.66 0-3 1.34-3 3s1.34 3 3 3c.79 0 1.5-.31 2.04-.81l7.12 4.16c-.05.21-.08.43-.08.65 0 1.61 1.31 2.92 2.92 2.92 1.61 0 2.92-1.31 2.92-2.92s-1.31-2.92-2.92-2.92z"
                    />
                  </svg>
                </span>
                <span
                  className="MuiTouchRipple-root-108"
                />
              </button>
              <button
                aria-expanded={false}
                aria-label="Show more"
                className="MuiButtonBase-root-86 MuiIconButton-root-80 CardContainer-expand-4"
                disabled={false}
                onBlur={[Function]}
                onClick={[Function]}
                onContextMenu={[Function]}
                onFocus={[Function]}
                onKeyDown={[Function]}
                onKeyUp={[Function]}
                onMouseDown={[Function]}
                onMouseLeave={[Function]}
                onMouseUp={[Function]}
                onTouchEnd={[Function]}
                onTouchMove={[Function]}
                onTouchStart={[Function]}
                tabIndex="0"
                type="button"
              >
                <span
                  className="MuiIconButton-label-85"
                >
                  <svg
                    aria-hidden="true"
                    className="MuiSvgIcon-root-89"
                    focusable="false"
                    role="presentation"
                    viewBox="0 0 24 24"
                  >
                    <path
                      d="M16.59 8.59L12 13.17 7.41 8.59 6 10l6 6 6-6z"
                    />
                    <path
                      d="M0 0h24v24H0z"
                      fill="none"
                    />
                  </svg>
                </span>
                <span
                  className="MuiTouchRipple-root-108"
                />
              </button>
            </div>
          </div>
        </div>
        <div
          style={
            Object {
              "backgroundColor": "#48494F",
              "width": "295px",
            }
          }
        >
          <nav
            className="navbar navbar-expand navbar-dark bg-primary"
          >
            <span
              className="navbar-brand"
            >
              Important Links
            </span>
          </nav>
          <nav
            className="navbar navbar-expand navbar-light bg-light"
          >
            <a
              className="navbar-brand"
              href="http://www.moe.gov.lk/"
            >
              Ministry of Education
            </a>
          </nav>
          <nav
            className="navbar navbar-expand navbar-light bg-info"
          >
            <a
              className="navbar-brand"
              href="http://www.transport.gov.lk"
            >
              Ministry of Transport
            </a>
          </nav>
          <nav
            className="navbar navbar-expand navbar-light bg-danger"
          >
            <a
              className="navbar-brand"
              href="http://www.srilanka.travel"
            >
              Tourist Board
            </a>
          </nav>
          <nav
            className="navbar navbar-expand navbar-dark bg-secondary"
          >
            <a
              className="navbar-brand"
              href="http://www.srilankan.lk"
            >
              SL Airlines
            </a>
          </nav>
          <br />
          <div
            className="btn-group-vertical"
            role="group"
            style={
              Object {
                "height": "450px",
                "marginLeft": "10px",
              }
            }
          >
            <button
              className="btn btn-primary btn-block mt-4 btn btn-primary"
              disabled={false}
              type="button"
            >
              ABOUT
            </button>
            <button
              className="btn btn-primary btn-block mt-4 btn btn-primary"
              disabled={false}
              type="button"
            >
              CONTACT
            </button>
            <button
              className="btn btn-primary btn-block mt-4 btn btn-primary"
              disabled={false}
              type="button"
            >
              FAQ
            </button>
            <button
              className="btn btn-primary btn-block mt-4 btn btn-primary"
              disabled={false}
              type="button"
            >
              POLICIES
            </button>
            <button
              className="btn btn-primary btn-block mt-4 btn btn-primary"
              disabled={false}
              type="button"
            >
              NOTICES
            </button>
            <button
              className="btn btn-primary btn-block mt-4 btn btn-primary"
              disabled={false}
              type="button"
            >
              SERVICES
            </button>
          </div>
        </div>
        <br />
        <hr />
      </div>
    </div>
  </body>
</div>
`;
